--------------------------------------------------------------------------------------------
      name:  <unnamed>
       log:  /Volumes/Dades/Dropbox/PROJECTS/internalization2/submission/FINAL SUBMISSION/20
> 130186_data/tables/table_internalization_stderrors.log
  log type:  text
 opened on:  26 May 2014, 23:57:45

. 
. 
. global instruments = "temp windx humid temperatura"

. 
. // Unit 
. xi: ivreg pricehat mg_cost cost_CO2 i.up, cluster(id) noomitted
i.up              _Iup_1-54           (_Iup_1 for up==ABO1 omitted)

Instrumental variables (2SLS) regression               Number of obs =    9257
                                                       F(  1,    53) =       .
                                                       Prob > F      =       .
                                                       R-squared     =  0.7526
                                                       Root MSE      =  7.5496

                                    (Std. Err. adjusted for 54 clusters in id)
------------------------------------------------------------------------------
             |               Robust
    pricehat |      Coef.   Std. Err.      t    P>|t|     [95% Conf. Interval]
-------------+----------------------------------------------------------------
     mg_cost |   .5978477    .064423     9.28   0.000     .4686315    .7270639
    cost_CO2 |   .9710223   .0344048    28.22   0.000     .9020151    1.040029
      _Iup_2 |  -.7026772   .0532402   -13.20   0.000    -.8094636   -.5958908
      _Iup_3 |   2.473949   2.420698     1.02   0.311    -2.381356    7.329254
      _Iup_4 |   17.09465   1.328692    12.87   0.000     14.42963    19.75966
      _Iup_5 |   7.370082   1.575033     4.68   0.000     4.210966     10.5292
      _Iup_6 |   7.070844    .389764    18.14   0.000     6.289077    7.852612
      _Iup_7 |  -9.721497   1.399248    -6.95   0.000    -12.52803   -6.914961
      _Iup_8 |  -10.82732   1.534083    -7.06   0.000     -13.9043   -7.750337
      _Iup_9 |  -1.537231   .1773739    -8.67   0.000    -1.892998   -1.181464
     _Iup_10 |   6.173185   1.284299     4.81   0.000     3.597208    8.749162
     _Iup_11 |   5.425773   1.098942     4.94   0.000     3.221574    7.629972
     _Iup_12 |   8.159319   .6715366    12.15   0.000     6.812387    9.506251
     _Iup_13 |  -14.02787   .6729816   -20.84   0.000     -15.3777   -12.67804
     _Iup_14 |  -14.18573   .1237428  -114.64   0.000    -14.43393   -13.93753
     _Iup_15 |  -12.06745   .3678331   -32.81   0.000    -12.80523   -11.32967
     _Iup_16 |  -13.57949   2.685871    -5.06   0.000    -18.96666   -8.192314
     _Iup_17 |  -10.84844   .2445082   -44.37   0.000    -11.33886   -10.35802
     _Iup_18 |  -11.73399   .1471894   -79.72   0.000    -12.02922   -11.43877
     _Iup_19 |   7.327973   .6158052    11.90   0.000     6.092824    8.563122
     _Iup_20 |   2.654176   2.167723     1.22   0.226    -1.693727    7.002078
     _Iup_21 |    7.18102    .984595     7.29   0.000     5.206172    9.155867
     _Iup_22 |  -10.88318   1.741874    -6.25   0.000    -14.37694   -7.389426
     _Iup_23 |  -.7803561    .124991    -6.24   0.000    -1.031056    -.529656
     _Iup_24 |  -1.636248   .1567402   -10.44   0.000    -1.950629   -1.321867
     _Iup_25 |  -.6693641   .1152248    -5.81   0.000    -.9004757   -.4382524
     _Iup_26 |  -.7247497    .158926    -4.56   0.000    -1.043515   -.4059846
     _Iup_27 |  -11.08435   .1701898   -65.13   0.000    -11.42571   -10.74299
     _Iup_28 |  -11.49689   .2928806   -39.25   0.000    -12.08433   -10.90944
     _Iup_29 |   1.350425   .1864792     7.24   0.000     .9763955    1.724455
     _Iup_30 |   1.616509   .6229608     2.59   0.012     .3670078     2.86601
     _Iup_31 |   6.975071   .1780272    39.18   0.000     6.617993    7.332148
     _Iup_32 |   3.804257   .2831828    13.43   0.000     3.236264    4.372249
     _Iup_33 |   4.578593   1.008223     4.54   0.000     2.556354    6.600831
     _Iup_34 |   4.698904   .9698579     4.84   0.000     2.753615    6.644192
     _Iup_35 |   6.511618    .934795     6.97   0.000     4.636657     8.38658
     _Iup_36 |  -.9337171    .109046    -8.56   0.000    -1.152436   -.7149987
     _Iup_37 |  -13.09173   .1331861   -98.30   0.000    -13.35887    -12.8246
     _Iup_38 |  -13.51889   .3821009   -35.38   0.000    -14.28529   -12.75249
     _Iup_39 |  -8.492183   .0566913  -149.80   0.000    -8.605892   -8.378475
     _Iup_40 |  -10.03396   .0891011  -112.61   0.000    -10.21267   -9.855241
     _Iup_41 |   1.594815   .2363091     6.75   0.000     1.120839    2.068791
     _Iup_42 |   3.050663   .2401053    12.71   0.000     2.569073    3.532253
     _Iup_43 |   25.82821   1.862967    13.86   0.000     22.09157    29.56485
     _Iup_44 |   2.935126   1.717512     1.71   0.093    -.5097658    6.380019
     _Iup_45 |   5.765396   .7570812     7.62   0.000     4.246884    7.283909
     _Iup_46 |   3.788098   .0333006   113.75   0.000     3.721306    3.854891
     _Iup_47 |   .2890654    .009116    31.71   0.000      .270781    .3073498
     _Iup_48 |  -14.42428    .736484   -19.59   0.000    -15.90148   -12.94708
     _Iup_49 |   .0287189   2.182343     0.01   0.990    -4.348507    4.405945
     _Iup_50 |   5.138677   1.987533     2.59   0.013     1.152191    9.125163
     _Iup_51 |   -13.9556   .6679311   -20.89   0.000     -15.2953    -12.6159
     _Iup_52 |  -11.26378    .285019   -39.52   0.000    -11.83545    -10.6921
     _Iup_53 |  -12.42511   .2223068   -55.89   0.000      -12.871   -11.97922
     _Iup_54 |  -12.61832   .1893045   -66.66   0.000    -12.99802   -12.23863
       _cons |   7.743873   1.361001     5.69   0.000      5.01405     10.4737
------------------------------------------------------------------------------
(no endogenous regressors)
------------------------------------------------------------------------------

. estimates store spec_sd1

.                 
. // Robust
. xi: ivreg pricehat mg_cost cost_CO2 i.up, robust noomitted
i.up              _Iup_1-54           (_Iup_1 for up==ABO1 omitted)

Instrumental variables (2SLS) regression               Number of obs =    9257
                                                       F( 55,  9201) =  787.88
                                                       Prob > F      =  0.0000
                                                       R-squared     =  0.7526
                                                       Root MSE      =  7.5496

------------------------------------------------------------------------------
             |               Robust
    pricehat |      Coef.   Std. Err.      t    P>|t|     [95% Conf. Interval]
-------------+----------------------------------------------------------------
     mg_cost |   .5978477   .0215856    27.70   0.000     .5555351    .6401603
    cost_CO2 |   .9710223   .0101638    95.54   0.000      .951099    .9909455
      _Iup_2 |  -.7026772   .4458753    -1.58   0.115    -1.576692    .1713373
      _Iup_3 |   2.473949   2.063084     1.20   0.231    -1.570154    6.518052
      _Iup_4 |   17.09465   2.090569     8.18   0.000     12.99667    21.19263
      _Iup_5 |   7.370082   .9317646     7.91   0.000     5.543616    9.196547
      _Iup_6 |   7.070844   1.852345     3.82   0.000     3.439837    10.70185
      _Iup_7 |  -9.721497   .9189584   -10.58   0.000    -11.52286   -7.920134
      _Iup_8 |  -10.82732   .8277764   -13.08   0.000    -12.44994   -9.204693
      _Iup_9 |  -1.537231   .6629905    -2.32   0.020    -2.836839   -.2376224
     _Iup_10 |   6.173185   .7110631     8.68   0.000     4.779344    7.567027
     _Iup_11 |   5.425773   .7224135     7.51   0.000     4.009682    6.841864
     _Iup_12 |   8.159319   .8926447     9.14   0.000     6.409537    9.909101
     _Iup_13 |  -14.02787   .4675674   -30.00   0.000     -14.9444   -13.11133
     _Iup_14 |  -14.18573   .4551822   -31.16   0.000    -15.07799   -13.29347
     _Iup_15 |  -12.06745   .4464932   -27.03   0.000    -12.94267   -11.19222
     _Iup_16 |  -13.57949   1.976333    -6.87   0.000    -17.45354   -9.705436
     _Iup_17 |  -10.84844   .4410396   -24.60   0.000    -11.71297   -9.983904
     _Iup_18 |  -11.73399   .3937198   -29.80   0.000    -12.50577   -10.96221
     _Iup_19 |   7.327973   .5542337    13.22   0.000     6.241552    8.414394
     _Iup_20 |   2.654176    1.79557     1.48   0.139    -.8655401    6.173891
     _Iup_21 |    7.18102   .6005824    11.96   0.000     6.003745    8.358294
     _Iup_22 |  -10.88318   .6896707   -15.78   0.000    -12.23509   -9.531275
     _Iup_23 |  -.7803561    .444794    -1.75   0.079    -1.652251    .0915389
     _Iup_24 |  -1.636248   .3619166    -4.52   0.000    -2.345685   -.9268113
     _Iup_25 |  -.6693641   .4528957    -1.48   0.139     -1.55714    .2184121
     _Iup_26 |  -.7247497   .3123289    -2.32   0.020    -1.336984   -.1125157
     _Iup_27 |  -11.08435   .3391354   -32.68   0.000    -11.74913   -10.41957
     _Iup_28 |  -11.49689   .3392752   -33.89   0.000    -12.16194   -10.83183
     _Iup_29 |   1.350425   .4162919     3.24   0.001     .5344009     2.16645
     _Iup_30 |   1.616509   .6243339     2.59   0.010      .392676    2.840342
     _Iup_31 |   6.975071   .8596253     8.11   0.000     5.290014    8.660127
     _Iup_32 |   3.804257   1.202347     3.16   0.002      1.44739    6.161124
     _Iup_33 |   4.578593   .5983708     7.65   0.000     3.405653    5.751532
     _Iup_34 |   4.698904   .6147914     7.64   0.000     3.493776    5.904031
     _Iup_35 |   6.511618   .7198267     9.05   0.000     5.100598    7.922638
     _Iup_36 |  -.9337171   .3250852    -2.87   0.004    -1.570956   -.2964781
     _Iup_37 |  -13.09173   .3998095   -32.74   0.000    -13.87545   -12.30802
     _Iup_38 |  -13.51889   .4462297   -30.30   0.000     -14.3936   -12.64418
     _Iup_39 |  -8.492183   .7033498   -12.07   0.000    -9.870905   -7.113462
     _Iup_40 |  -10.03396    .764241   -13.13   0.000    -11.53204   -8.535873
     _Iup_41 |   1.594815   .6100793     2.61   0.009     .3989244    2.790706
     _Iup_42 |   3.050663   .8277105     3.69   0.000     1.428167    4.673159
     _Iup_43 |   25.82821   6.629606     3.90   0.000     12.83271    38.82371
     _Iup_44 |   2.935126   1.913914     1.53   0.125    -.8165692    6.686822
     _Iup_45 |   5.765396   .3479127    16.57   0.000      5.08341    6.447382
     _Iup_46 |   3.788098   .4658647     8.13   0.000       2.8749    4.701296
     _Iup_47 |   .2890654   .3595897     0.80   0.421    -.4158102     .993941
     _Iup_48 |  -14.42428   .4611221   -31.28   0.000    -15.32818   -13.52038
     _Iup_49 |   .0287189   1.061972     0.03   0.978    -2.052982     2.11042
     _Iup_50 |   5.138677   1.192669     4.31   0.000     2.800782    7.476572
     _Iup_51 |   -13.9556   .5787511   -24.11   0.000    -15.09008   -12.82112
     _Iup_52 |  -11.26378   .5614912   -20.06   0.000    -12.36442   -10.16313
     _Iup_53 |  -12.42511   .4631401   -26.83   0.000    -13.33297   -11.51726
     _Iup_54 |  -12.61832    .441952   -28.55   0.000    -13.48465     -11.752
       _cons |   7.743873   .5170193    14.98   0.000       6.7304    8.757345
------------------------------------------------------------------------------
(no endogenous regressors)
------------------------------------------------------------------------------

. estimates store spec_sd2

. 
. // Firm-Week
. xi: ivreg pricehat mg_cost cost_CO2 i.up, cluster(firmday) noomitted
i.up              _Iup_1-54           (_Iup_1 for up==ABO1 omitted)

Instrumental variables (2SLS) regression               Number of obs =    9257
                                                       F( 55,  2696) =  283.67
                                                       Prob > F      =  0.0000
                                                       R-squared     =  0.7526
                                                       Root MSE      =  7.5496

                             (Std. Err. adjusted for 2697 clusters in firmday)
------------------------------------------------------------------------------
             |               Robust
    pricehat |      Coef.   Std. Err.      t    P>|t|     [95% Conf. Interval]
-------------+----------------------------------------------------------------
     mg_cost |   .5978477   .0371611    16.09   0.000     .5249806    .6707148
    cost_CO2 |   .9710223   .0186347    52.11   0.000     .9344826    1.007562
      _Iup_2 |  -.7026772   .5125993    -1.37   0.171    -1.707805    .3024502
      _Iup_3 |   2.473949   2.705312     0.91   0.361    -2.830747    7.778645
      _Iup_4 |   17.09465   3.100328     5.51   0.000     11.01539    23.17391
      _Iup_5 |   7.370082   1.331295     5.54   0.000     4.759619    9.980544
      _Iup_6 |   7.070844    2.01306     3.51   0.000     3.123548    11.01814
      _Iup_7 |  -9.721497    1.30956    -7.42   0.000    -12.28934   -7.153654
      _Iup_8 |  -10.82732    1.24093    -8.73   0.000    -13.26059   -8.394048
      _Iup_9 |  -1.537231   .9689624    -1.59   0.113    -3.437215    .3627536
     _Iup_10 |   6.173185    1.05878     5.83   0.000     4.097083    8.249287
     _Iup_11 |   5.425773   .9861584     5.50   0.000      3.49207    7.359476
     _Iup_12 |   8.159319   1.688544     4.83   0.000     4.848348    11.47029
     _Iup_13 |  -14.02787   .6496029   -21.59   0.000    -15.30164    -12.7541
     _Iup_14 |  -14.18573    .537803   -26.38   0.000    -15.24028   -13.13118
     _Iup_15 |  -12.06745    .557164   -21.66   0.000    -13.15996   -10.97494
     _Iup_16 |  -13.57949   3.149469    -4.31   0.000    -19.75511   -7.403869
     _Iup_17 |  -10.84844   .5935187   -18.28   0.000    -12.01224   -9.684642
     _Iup_18 |  -11.73399   .5415657   -21.67   0.000    -12.79592   -10.67207
     _Iup_19 |   7.327973   .7325306    10.00   0.000     5.891595    8.764352
     _Iup_20 |   2.654176   2.453354     1.08   0.279     -2.15647    7.464821
     _Iup_21 |    7.18102   .9546277     7.52   0.000     5.309143    9.052896
     _Iup_22 |  -10.88318   1.151981    -9.45   0.000    -13.14204   -8.624328
     _Iup_23 |  -.7803561   .5781594    -1.35   0.177    -1.914037    .3533244
     _Iup_24 |  -1.636248   .4670371    -3.50   0.000    -2.552035    -.720461
     _Iup_25 |  -.6693641   .5714241    -1.17   0.242    -1.789838    .4511096
     _Iup_26 |  -.7247497   .4324397    -1.68   0.094    -1.572697    .1231973
     _Iup_27 |  -11.08435   .4858902   -22.81   0.000    -12.03711    -10.1316
     _Iup_28 |  -11.49689    .486821   -23.62   0.000    -12.45147   -10.54231
     _Iup_29 |   1.350425   .5538029     2.44   0.015     .2645042    2.436347
     _Iup_30 |   1.616509   .7200716     2.24   0.025     .2045607    3.028457
     _Iup_31 |   6.975071   1.173474     5.94   0.000     4.674071     9.27607
     _Iup_32 |   3.804257   1.428464     2.66   0.008     1.003261    6.605252
     _Iup_33 |   4.578593   .8961351     5.11   0.000     2.821411    6.335774
     _Iup_34 |   4.698904    .895413     5.25   0.000     2.943138    6.454669
     _Iup_35 |   6.511618   .9814299     6.63   0.000     4.587187     8.43605
     _Iup_36 |  -.9337171   .4446753    -2.10   0.036    -1.805656   -.0617782
     _Iup_37 |  -13.09173   .5103558   -25.65   0.000    -14.09246   -12.09101
     _Iup_38 |  -13.51889    .606747   -22.28   0.000    -14.70863   -12.32915
     _Iup_39 |  -8.492183   .8521113    -9.97   0.000    -10.16304   -6.821326
     _Iup_40 |  -10.03396   .9342373   -10.74   0.000    -11.86585   -8.202062
     _Iup_41 |   1.594815   .7441455     2.14   0.032     .1356617    3.053969
     _Iup_42 |   3.050663   1.087548     2.81   0.005     .9181508    5.183175
     _Iup_43 |   25.82821   7.820098     3.30   0.001     10.49422    41.16221
     _Iup_44 |   2.935126   2.250378     1.30   0.192    -1.477514    7.347767
     _Iup_45 |   5.765396   .5375562    10.73   0.000     4.711332     6.81946
     _Iup_46 |   3.788098   .5449446     6.95   0.000     2.719547     4.85665
     _Iup_47 |   .2890654   .4382659     0.66   0.510    -.5703058    1.148437
     _Iup_48 |  -14.42428   .6812564   -21.17   0.000    -15.76012   -13.08844
     _Iup_49 |   .0287189   1.693255     0.02   0.986     -3.29149    3.348928
     _Iup_50 |   5.138677    1.61073     3.19   0.001     1.980287    8.297068
     _Iup_51 |   -13.9556   .7254982   -19.24   0.000    -15.37819   -12.53301
     _Iup_52 |  -11.26378   .7641452   -14.74   0.000    -12.76215   -9.765407
     _Iup_53 |  -12.42511   .6416818   -19.36   0.000    -13.68335   -11.16688
     _Iup_54 |  -12.61832   .5987615   -21.07   0.000     -13.7924   -11.44425
       _cons |   7.743873   .8589551     9.02   0.000     6.059595     9.42815
------------------------------------------------------------------------------
(no endogenous regressors)
------------------------------------------------------------------------------

. estimates store spec_sd3

. 
. // Firm-Month of Sample
. xi: ivreg pricehat mg_cost cost_CO2 i.up, cluster(firmym) noomitted
i.up              _Iup_1-54           (_Iup_1 for up==ABO1 omitted)

Instrumental variables (2SLS) regression               Number of obs =    9257
                                                       F( 54,   119) =       .
                                                       Prob > F      =  0.0000
                                                       R-squared     =  0.7526
                                                       Root MSE      =  7.5496

                               (Std. Err. adjusted for 120 clusters in firmym)
------------------------------------------------------------------------------
             |               Robust
    pricehat |      Coef.   Std. Err.      t    P>|t|     [95% Conf. Interval]
-------------+----------------------------------------------------------------
     mg_cost |   .5978477   .0616685     9.69   0.000      .475738    .7199574
    cost_CO2 |   .9710223   .0385826    25.17   0.000     .8946249     1.04742
      _Iup_2 |  -.7026772   .7419536    -0.95   0.346     -2.17182    .7664651
      _Iup_3 |   2.473949   3.760461     0.66   0.512    -4.972139    9.920037
      _Iup_4 |   17.09465   4.014087     4.26   0.000     9.146353    25.04294
      _Iup_5 |   7.370082   2.311957     3.19   0.002     2.792176    11.94799
      _Iup_6 |   7.070844    2.08534     3.39   0.001     2.941663    11.20003
      _Iup_7 |  -9.721497   1.899932    -5.12   0.000    -13.48355   -5.959441
      _Iup_8 |  -10.82732    1.99908    -5.42   0.000     -14.7857    -6.86894
      _Iup_9 |  -1.537231   1.765938    -0.87   0.386    -5.033964    1.959502
     _Iup_10 |   6.173185   1.913047     3.23   0.002      2.38516     9.96121
     _Iup_11 |   5.425773   2.260124     2.40   0.018     .9505025    9.901044
     _Iup_12 |   8.159319   2.400277     3.40   0.001      3.40653    12.91211
     _Iup_13 |  -14.02787    1.23973   -11.32   0.000    -16.48265   -11.57308
     _Iup_14 |  -14.18573   1.036973   -13.68   0.000    -16.23904   -12.13242
     _Iup_15 |  -12.06745   1.051646   -11.47   0.000    -14.14981   -9.985082
     _Iup_16 |  -13.57949   4.167437    -3.26   0.001    -21.83143   -5.327546
     _Iup_17 |  -10.84844   1.371587    -7.91   0.000    -13.56432    -8.13256
     _Iup_18 |  -11.73399   1.151015   -10.19   0.000    -14.01312   -9.454868
     _Iup_19 |   7.327973   1.702402     4.30   0.000     3.957046     10.6989
     _Iup_20 |   2.654176    2.79093     0.95   0.344    -2.872145    8.180496
     _Iup_21 |    7.18102   2.362633     3.04   0.003     2.502769    11.85927
     _Iup_22 |  -10.88318   1.994166    -5.46   0.000    -14.83183   -6.934534
     _Iup_23 |  -.7803561   1.436792    -0.54   0.588    -3.625349    2.064636
     _Iup_24 |  -1.636248   1.131879    -1.45   0.151    -3.877481    .6049844
     _Iup_25 |  -.6693641   1.311597    -0.51   0.611    -3.266458     1.92773
     _Iup_26 |  -.7247497   1.044564    -0.69   0.489    -2.793091    1.343592
     _Iup_27 |  -11.08435   1.081135   -10.25   0.000    -13.22511   -8.943596
     _Iup_28 |  -11.49689   1.028768   -11.18   0.000    -13.53395   -9.459825
     _Iup_29 |   1.350425   1.107486     1.22   0.225    -.8425071    3.543358
     _Iup_30 |   1.616509   1.011745     1.60   0.113    -.3868463    3.619864
     _Iup_31 |   6.975071   2.196743     3.18   0.002     2.625301    11.32484
     _Iup_32 |   3.804257   2.675379     1.42   0.158    -1.493261    9.101774
     _Iup_33 |   4.578593   1.731957     2.64   0.009     1.149144    8.008041
     _Iup_34 |   4.698904   1.717855     2.74   0.007     1.297378    8.100429
     _Iup_35 |   6.511618   2.161651     3.01   0.003     2.231334     10.7919
     _Iup_36 |  -.9337171    1.04737    -0.89   0.374    -3.007614     1.14018
     _Iup_37 |  -13.09173   .9203036   -14.23   0.000    -14.91403   -11.26944
     _Iup_38 |  -13.51889   1.100224   -12.29   0.000    -15.69744   -11.34034
     _Iup_39 |  -8.492183   1.985582    -4.28   0.000    -12.42383   -4.560532
     _Iup_40 |  -10.03396   2.216062    -4.53   0.000    -14.42198   -5.645932
     _Iup_41 |   1.594815   1.273667     1.25   0.213    -.9271734    4.116804
     _Iup_42 |   3.050663   1.501085     2.03   0.044     .0783654     6.02296
     _Iup_43 |   25.82821   8.058291     3.21   0.002     9.871991    41.78443
     _Iup_44 |   2.935126   2.553071     1.15   0.253    -2.120208    7.990461
     _Iup_45 |   5.765396   1.080307     5.34   0.000      3.62628    7.904512
     _Iup_46 |   3.788098   .8449876     4.48   0.000     2.114938    5.461258
     _Iup_47 |   .2890654   .6146611     0.47   0.639     -.928025    1.506156
     _Iup_48 |  -14.42428    1.28624   -11.21   0.000    -16.97116    -11.8774
     _Iup_49 |   .0287189   2.648411     0.01   0.991      -5.2154    5.272838
     _Iup_50 |   5.138677    2.47602     2.08   0.040     .2359097    10.04144
     _Iup_51 |   -13.9556   1.300997   -10.73   0.000    -16.53171    -11.3795
     _Iup_52 |  -11.26378   1.647344    -6.84   0.000    -14.52568   -8.001871
     _Iup_53 |  -12.42511   1.546791    -8.03   0.000    -15.48791   -9.362313
     _Iup_54 |  -12.61832   1.132871   -11.14   0.000    -14.86152   -10.37513
       _cons |   7.743873   1.530718     5.06   0.000     4.712899    10.77485
------------------------------------------------------------------------------
(no endogenous regressors)
------------------------------------------------------------------------------

. estimates store spec_sd4

.                                 
. forvalues f=1(1)4 {
  2. 
.                 // 
.                 xi: ivreg pricehat mg_cost cost_CO2 i.up if firm_code == `f', cluster(id) 
> noomitted
  3.                 estimates store spec_sd1_`f'
  4.                 
.                 // 
.                 xi: ivreg pricehat mg_cost cost_CO2 i.up if firm_code == `f', robust noomi
> tted
  5.                 estimates store spec_sd2_`f'
  6. 
.                 // 
.                 xi: ivreg pricehat mg_cost cost_CO2 i.up if firm_code == `f', cluster(firm
> day) noomitted
  7.                 estimates store spec_sd3_`f'
  8.                 
.                 // 
.                 xi: ivreg pricehat mg_cost cost_CO2 i.up if firm_code == `f', cluster(firm
> ym) noomitted
  9.                 estimates store spec_sd4_`f'
 10. 
. }
i.up              _Iup_1-54           (_Iup_1 for up==ABO1 omitted)

Instrumental variables (2SLS) regression               Number of obs =    3029
                                                       F(  1,    20) =       .
                                                       Prob > F      =       .
                                                       R-squared     =  0.8031
                                                       Root MSE      =  5.2756

                                    (Std. Err. adjusted for 21 clusters in id)
------------------------------------------------------------------------------
             |               Robust
    pricehat |      Coef.   Std. Err.      t    P>|t|     [95% Conf. Interval]
-------------+----------------------------------------------------------------
     mg_cost |   .4939313   .0568254     8.69   0.000     .3753956    .6124671
    cost_CO2 |   .9471192   .0311255    30.43   0.000     .8821926    1.012046
             |
      _Iup_7 |   5.833126    1.31709     4.43   0.000     3.085725    8.580527
      _Iup_8 |   4.932519   1.437617     3.43   0.003     1.933704    7.931335
      _Iup_9 |   6.595431   .1950077    33.82   0.000     6.188652    7.002209
             |
     _Iup_13 |    .229228   .7705877     0.30   0.769     -1.37819    1.836646
     _Iup_14 |  -.7186886   .3583125    -2.01   0.059    -1.466115    .0287382
     _Iup_15 |   1.299829   .0721374    18.02   0.000     1.149353    1.450305
     _Iup_16 |   4.245081   2.389125     1.78   0.091    -.7385461    9.228707
     _Iup_17 |   2.466538   .1385602    17.80   0.000     2.177506    2.755569
     _Iup_18 |   1.539497   .2199228     7.00   0.000     1.080746    1.998248
             |
     _Iup_22 |   5.247059   1.606327     3.27   0.004      1.89632    8.597798
             |
     _Iup_27 |   2.147142   .2136978    10.05   0.000     1.701376    2.592908
     _Iup_28 |   1.767015   .1311259    13.48   0.000     1.493491    2.040539
             |
     _Iup_37 |   .2732976   .2266113     1.21   0.242    -.1994052    .7460005
             |
     _Iup_39 |   4.824124   .2976535    16.21   0.000     4.203229    5.445018
     _Iup_40 |   3.286929   .2653827    12.39   0.000      2.73335    3.840508
             |
     _Iup_48 |  -.0246203   .8017768    -0.03   0.976    -1.697097    1.647857
             |
     _Iup_51 |   .3011979   .7634556     0.39   0.697    -1.291343    1.893738
     _Iup_52 |   2.101334   .0987904    21.27   0.000      1.89526    2.307407
     _Iup_53 |   .9153471   .1491756     6.14   0.000     .6041723    1.226522
     _Iup_54 |    .716006   .1765297     4.06   0.001     .3477714    1.084241
       _cons |  -3.187574   1.228208    -2.60   0.017     -5.74957    -.625577
------------------------------------------------------------------------------
(no endogenous regressors)
------------------------------------------------------------------------------
i.up              _Iup_1-54           (_Iup_1 for up==ABO1 omitted)

Instrumental variables (2SLS) regression               Number of obs =    3029
                                                       F( 22,  3006) =  628.12
                                                       Prob > F      =  0.0000
                                                       R-squared     =  0.8031
                                                       Root MSE      =  5.2756

------------------------------------------------------------------------------
             |               Robust
    pricehat |      Coef.   Std. Err.      t    P>|t|     [95% Conf. Interval]
-------------+----------------------------------------------------------------
     mg_cost |   .4939313   .0268167    18.42   0.000     .4413504    .5465122
    cost_CO2 |   .9471192   .0123777    76.52   0.000     .9228496    .9713888
             |
      _Iup_7 |   5.833126   1.061901     5.49   0.000     3.751001    7.915251
      _Iup_8 |   4.932519   .9811957     5.03   0.000     3.008637    6.856402
      _Iup_9 |   6.595431   .8214808     8.03   0.000     4.984709    8.206152
             |
     _Iup_13 |    .229228   .5407635     0.42   0.672     -.831076    1.289532
     _Iup_14 |  -.7186886   .5447622    -1.32   0.187    -1.786833    .3494557
     _Iup_15 |   1.299829   .4874822     2.67   0.008     .3439968    2.255661
     _Iup_16 |   4.245081   2.209897     1.92   0.055     -.087982    8.578143
     _Iup_17 |   2.466538   .4866304     5.07   0.000     1.512376      3.4207
     _Iup_18 |   1.539497   .4601821     3.35   0.001     .6371933    2.441801
             |
     _Iup_22 |   5.247059   .8704089     6.03   0.000     3.540402    6.953716
             |
     _Iup_27 |   2.147142   .4175729     5.14   0.000     1.328384    2.965899
     _Iup_28 |   1.767015   .4064347     4.35   0.000     .9700967    2.563933
             |
     _Iup_37 |   .2732976   .4741769     0.58   0.564    -.6564465    1.203042
             |
     _Iup_39 |   4.824124   .7374004     6.54   0.000     3.378263    6.269984
     _Iup_40 |   3.286929   .7927268     4.15   0.000     1.732587    4.841271
             |
     _Iup_48 |  -.0246203   .5566863    -0.04   0.965    -1.116145    1.066904
             |
     _Iup_51 |   .3011979   .6594329     0.46   0.648    -.9917875    1.594183
     _Iup_52 |   2.101334   .5896778     3.56   0.000     .9451208    3.257546
     _Iup_53 |   .9153471   .5081066     1.80   0.072    -.0809246    1.911619
     _Iup_54 |    .716006     .49761     1.44   0.150    -.2596845    1.691697
       _cons |  -3.187574   .6570207    -4.85   0.000    -4.475829   -1.899318
------------------------------------------------------------------------------
(no endogenous regressors)
------------------------------------------------------------------------------
i.up              _Iup_1-54           (_Iup_1 for up==ABO1 omitted)

Instrumental variables (2SLS) regression               Number of obs =    3029
                                                       F( 22,   731) =  192.35
                                                       Prob > F      =  0.0000
                                                       R-squared     =  0.8031
                                                       Root MSE      =  5.2756

                              (Std. Err. adjusted for 732 clusters in firmday)
------------------------------------------------------------------------------
             |               Robust
    pricehat |      Coef.   Std. Err.      t    P>|t|     [95% Conf. Interval]
-------------+----------------------------------------------------------------
     mg_cost |   .4939313   .0387726    12.74   0.000     .4178124    .5700503
    cost_CO2 |   .9471192   .0233065    40.64   0.000     .9013635    .9928749
             |
      _Iup_7 |   5.833126   1.473204     3.96   0.000     2.940911    8.725341
      _Iup_8 |   4.932519   1.400898     3.52   0.000     2.182257    7.682782
      _Iup_9 |   6.595431   1.188052     5.55   0.000     4.263029    8.927832
             |
     _Iup_13 |    .229228   .7048368     0.33   0.745    -1.154518    1.612974
     _Iup_14 |  -.7186886   .6089937    -1.18   0.238    -1.914274    .4768967
     _Iup_15 |   1.299829   .4941108     2.63   0.009     .3297837    2.269875
     _Iup_16 |   4.245081   3.252575     1.31   0.192    -2.140423    10.63058
     _Iup_17 |   2.466538   .5666747     4.35   0.000     1.354034    3.579042
     _Iup_18 |   1.539497   .5519183     2.79   0.005      .455963    2.623031
             |
     _Iup_22 |   5.247059   1.262513     4.16   0.000     2.768475    7.725643
             |
     _Iup_27 |   2.147142    .496835     4.32   0.000     1.171748    3.122535
     _Iup_28 |   1.767015   .5115215     3.45   0.001     .7627886    2.771241
             |
     _Iup_37 |   .2732976    .448521     0.61   0.542    -.6072452     1.15384
             |
     _Iup_39 |   4.824124   .7326917     6.58   0.000     3.385693    6.262554
     _Iup_40 |   3.286929   .7957504     4.13   0.000       1.7247    4.849158
             |
     _Iup_48 |  -.0246203   .7404379    -0.03   0.973    -1.478259    1.429018
             |
     _Iup_51 |   .3011979   .8086025     0.37   0.710    -1.286262    1.888658
     _Iup_52 |   2.101334   .7427887     2.83   0.005       .64308    3.559587
     _Iup_53 |   .9153471   .6235783     1.47   0.143    -.3088709    2.139565
     _Iup_54 |    .716006   .6035617     1.19   0.236     -.468915    1.900927
       _cons |  -3.187574   .9313392    -3.42   0.001    -5.015992   -1.359155
------------------------------------------------------------------------------
(no endogenous regressors)
------------------------------------------------------------------------------
i.up              _Iup_1-54           (_Iup_1 for up==ABO1 omitted)

Instrumental variables (2SLS) regression               Number of obs =    3029
                                                       F( 22,    29) = 1147.15
                                                       Prob > F      =  0.0000
                                                       R-squared     =  0.8031
                                                       Root MSE      =  5.2756

                                (Std. Err. adjusted for 30 clusters in firmym)
------------------------------------------------------------------------------
             |               Robust
    pricehat |      Coef.   Std. Err.      t    P>|t|     [95% Conf. Interval]
-------------+----------------------------------------------------------------
     mg_cost |   .4939313   .0537328     9.19   0.000     .3840355    .6038272
    cost_CO2 |   .9471192   .0607117    15.60   0.000     .8229498    1.071289
             |
      _Iup_7 |   5.833126   2.077509     2.81   0.009     1.584143    10.08211
      _Iup_8 |   4.932519   2.050588     2.41   0.023     .7385957    9.126443
      _Iup_9 |   6.595431   1.822585     3.62   0.001     2.867827    10.32303
             |
     _Iup_13 |    .229228   1.298483     0.18   0.861    -2.426467    2.884923
     _Iup_14 |  -.7186886   .9555203    -0.75   0.458    -2.672947     1.23557
     _Iup_15 |   1.299829   .5236498     2.48   0.019     .2288451    2.370813
     _Iup_16 |   4.245081   3.953315     1.07   0.292    -3.840357    12.33052
     _Iup_17 |   2.466538   .8959591     2.75   0.010     .6340956     4.29898
     _Iup_18 |   1.539497   .7573541     2.03   0.051     -.009466     3.08846
             |
     _Iup_22 |   5.247059   1.633439     3.21   0.003     1.906301    8.587817
             |
     _Iup_27 |   2.147142   .6775843     3.17   0.004     .7613264    3.532957
     _Iup_28 |   1.767015   .7305897     2.42   0.022     .2727912    3.261239
             |
     _Iup_37 |   .2732976   .5238394     0.52   0.606    -.7980742    1.344669
             |
     _Iup_39 |   4.824124    1.35234     3.57   0.001     2.058277     7.58997
     _Iup_40 |   3.286929   1.657346     1.98   0.057    -.1027234    6.676581
             |
     _Iup_48 |  -.0246203   1.271418    -0.02   0.985    -2.624962    2.575722
             |
     _Iup_51 |   .3011979   1.192152     0.25   0.802    -2.137027    2.739423
     _Iup_52 |   2.101334   1.301158     1.61   0.117    -.5598338    4.762501
     _Iup_53 |   .9153471   1.155643     0.79   0.435    -1.448209    3.278903
     _Iup_54 |    .716006   .6825096     1.05   0.303    -.6798828    2.111895
       _cons |  -3.187574   1.467886    -2.17   0.038    -6.189737   -.1854096
------------------------------------------------------------------------------
(no endogenous regressors)
------------------------------------------------------------------------------
i.up              _Iup_1-54           (_Iup_1 for up==ABO1 omitted)

Instrumental variables (2SLS) regression               Number of obs =    1988
                                                       F(  1,    14) =       .
                                                       Prob > F      =       .
                                                       R-squared     =  0.8469
                                                       Root MSE      =  5.2324

                                    (Std. Err. adjusted for 15 clusters in id)
------------------------------------------------------------------------------
             |               Robust
    pricehat |      Coef.   Std. Err.      t    P>|t|     [95% Conf. Interval]
-------------+----------------------------------------------------------------
     mg_cost |   .3030799   .0551486     5.50   0.000      .184798    .4213619
    cost_CO2 |   .9631892   .0391019    24.63   0.000      .879324    1.047055
             |
      _Iup_3 |  -2.448485   .1832605   -13.36   0.000     -2.84154    -2.05543
      _Iup_4 |   8.981805   1.083481     8.29   0.000      6.65797    11.30564
      _Iup_5 |   1.969282   .8004216     2.46   0.027     .2525487    3.686016
             |
     _Iup_10 |  -.5656395   1.050534    -0.54   0.599    -2.818812    1.687533
     _Iup_11 |  -2.172416   1.230468    -1.77   0.099    -4.811507    .4666747
     _Iup_12 |  -1.501102   1.741594    -0.86   0.403    -5.236449    2.234245
             |
     _Iup_21 |  -.9422452   1.327199    -0.71   0.489    -3.788803    1.904313
             |
     _Iup_23 |  -12.96431   2.067351    -6.27   0.000    -17.39834   -8.530286
     _Iup_24 |  -14.32641   2.101813    -6.82   0.000    -18.83435    -9.81847
     _Iup_25 |  -12.92278   2.078766    -6.22   0.000    -17.38129    -8.46427
     _Iup_26 |  -13.40396   2.097644    -6.39   0.000    -17.90296   -8.904962
             |
     _Iup_36 |  -13.57428   2.130773    -6.37   0.000    -18.14434   -9.004228
             |
     _Iup_49 |  -2.542263   .1284846   -19.79   0.000    -2.817835   -2.266691
     _Iup_50 |   1.666014   .2661076     6.26   0.000      1.09527    2.236758
             |
       _cons |   26.70392   3.532504     7.56   0.000     19.12746    34.28039
------------------------------------------------------------------------------
(no endogenous regressors)
------------------------------------------------------------------------------
i.up              _Iup_1-54           (_Iup_1 for up==ABO1 omitted)

Instrumental variables (2SLS) regression               Number of obs =    1988
                                                       F( 16,  1971) =  984.88
                                                       Prob > F      =  0.0000
                                                       R-squared     =  0.8469
                                                       Root MSE      =  5.2324

------------------------------------------------------------------------------
             |               Robust
    pricehat |      Coef.   Std. Err.      t    P>|t|     [95% Conf. Interval]
-------------+----------------------------------------------------------------
     mg_cost |   .3030799    .028366    10.68   0.000     .2474494    .3587105
    cost_CO2 |   .9631892   .0127441    75.58   0.000     .9381959    .9881826
             |
      _Iup_3 |  -2.448485   2.177464    -1.12   0.261    -6.718858    1.821887
      _Iup_4 |   8.981805   2.447501     3.67   0.000     4.181844    13.78177
      _Iup_5 |   1.969282   1.484778     1.33   0.185     -.942618    4.881183
             |
     _Iup_10 |  -.5656395   1.530511    -0.37   0.712     -3.56723    2.435951
     _Iup_11 |  -2.172416   1.577877    -1.38   0.169    -5.266899    .9220668
     _Iup_12 |  -1.501102   1.636917    -0.92   0.359    -4.711371    1.709167
             |
     _Iup_21 |  -.9422452   1.485943    -0.63   0.526    -3.856429    1.971939
             |
     _Iup_23 |  -12.96431   1.686524    -7.69   0.000    -16.27187   -9.656755
     _Iup_24 |  -14.32641   1.696925    -8.44   0.000    -17.65436   -10.99846
     _Iup_25 |  -12.92278   1.695416    -7.62   0.000    -16.24777   -9.597784
     _Iup_26 |  -13.40396   1.686675    -7.95   0.000    -16.71181   -10.09611
             |
     _Iup_36 |  -13.57428   1.691643    -8.02   0.000    -16.89188   -10.25669
             |
     _Iup_49 |  -2.542263    1.41937    -1.79   0.073    -5.325887    .2413601
     _Iup_50 |   1.666014   1.614175     1.03   0.302    -1.499654    4.831682
             |
       _cons |   26.70392   2.118295    12.61   0.000     22.54959    30.85826
------------------------------------------------------------------------------
(no endogenous regressors)
------------------------------------------------------------------------------
i.up              _Iup_1-54           (_Iup_1 for up==ABO1 omitted)

Instrumental variables (2SLS) regression               Number of obs =    1988
                                                       F( 16,   668) =  400.10
                                                       Prob > F      =  0.0000
                                                       R-squared     =  0.8469
                                                       Root MSE      =  5.2324

                              (Std. Err. adjusted for 669 clusters in firmday)
------------------------------------------------------------------------------
             |               Robust
    pricehat |      Coef.   Std. Err.      t    P>|t|     [95% Conf. Interval]
-------------+----------------------------------------------------------------
     mg_cost |   .3030799   .0412963     7.34   0.000     .2219937    .3841662
    cost_CO2 |   .9631892   .0206712    46.60   0.000     .9226009    1.003778
             |
      _Iup_3 |  -2.448485   2.567508    -0.95   0.341    -7.489842    2.592872
      _Iup_4 |   8.981805   3.254064     2.76   0.006      2.59238    15.37123
      _Iup_5 |   1.969282   1.781107     1.11   0.269     -1.52796    5.466525
             |
     _Iup_10 |  -.5656395   1.900244    -0.30   0.766    -4.296809     3.16553
     _Iup_11 |  -2.172416   1.922897    -1.13   0.259    -5.948066    1.603233
     _Iup_12 |  -1.501102   2.182484    -0.69   0.492    -5.786456    2.784252
             |
     _Iup_21 |  -.9422452   1.834609    -0.51   0.608    -4.544539    2.660049
             |
     _Iup_23 |  -12.96431   2.129072    -6.09   0.000    -17.14479   -8.783834
     _Iup_24 |  -14.32641   2.155056    -6.65   0.000    -18.55791   -10.09491
     _Iup_25 |  -12.92278   2.133192    -6.06   0.000    -17.11135   -8.734211
     _Iup_26 |  -13.40396    2.15355    -6.22   0.000     -17.6325    -9.17542
             |
     _Iup_36 |  -13.57428   2.157532    -6.29   0.000    -17.81064   -9.337921
             |
     _Iup_49 |  -2.542263   1.698488    -1.50   0.135    -5.877282    .7927547
     _Iup_50 |   1.666014   1.882644     0.88   0.377    -2.030599    5.362627
             |
       _cons |   26.70392   2.842141     9.40   0.000     21.12332    32.28453
------------------------------------------------------------------------------
(no endogenous regressors)
------------------------------------------------------------------------------
i.up              _Iup_1-54           (_Iup_1 for up==ABO1 omitted)

Instrumental variables (2SLS) regression               Number of obs =    1988
                                                       F( 16,    29) =  253.81
                                                       Prob > F      =  0.0000
                                                       R-squared     =  0.8469
                                                       Root MSE      =  5.2324

                                (Std. Err. adjusted for 30 clusters in firmym)
------------------------------------------------------------------------------
             |               Robust
    pricehat |      Coef.   Std. Err.      t    P>|t|     [95% Conf. Interval]
-------------+----------------------------------------------------------------
     mg_cost |   .3030799   .0795535     3.81   0.001     .1403748     .465785
    cost_CO2 |   .9631892    .063527    15.16   0.000     .8332619    1.093117
             |
      _Iup_3 |  -2.448485   2.972181    -0.82   0.417    -8.527277    3.630307
      _Iup_4 |   8.981805   3.858497     2.33   0.027     1.090293    16.87332
      _Iup_5 |   1.969282   1.459383     1.35   0.188    -1.015491    4.954056
             |
     _Iup_10 |  -.5656395   2.328858    -0.24   0.810    -5.328689     4.19741
     _Iup_11 |  -2.172416   2.367595    -0.92   0.366    -7.014692     2.66986
     _Iup_12 |  -1.501102     2.5391    -0.59   0.559    -6.694145    3.691942
             |
     _Iup_21 |  -.9422452   2.008336    -0.47   0.642    -5.049753    3.165263
             |
     _Iup_23 |  -12.96431   2.385972    -5.43   0.000    -17.84417   -8.084451
     _Iup_24 |  -14.32641   2.474313    -5.79   0.000    -19.38695   -9.265873
     _Iup_25 |  -12.92278   2.329895    -5.55   0.000    -17.68795   -8.157608
     _Iup_26 |  -13.40396   2.504593    -5.35   0.000    -18.52643   -8.281493
             |
     _Iup_36 |  -13.57428   2.530316    -5.36   0.000    -18.74936   -8.399206
             |
     _Iup_49 |  -2.542263    1.12806    -2.25   0.032    -4.849405   -.2351216
     _Iup_50 |   1.666014   1.444389     1.15   0.258    -1.288093    4.620121
             |
       _cons |   26.70392   4.199804     6.36   0.000     18.11436    35.29349
------------------------------------------------------------------------------
(no endogenous regressors)
------------------------------------------------------------------------------
i.up              _Iup_1-54           (_Iup_1 for up==ABO1 omitted)

Instrumental variables (2SLS) regression               Number of obs =    2805
                                                       F(  1,    14) =       .
                                                       Prob > F      =       .
                                                       R-squared     =  0.5944
                                                       Root MSE      =  10.373

                                    (Std. Err. adjusted for 15 clusters in id)
------------------------------------------------------------------------------
             |               Robust
    pricehat |      Coef.   Std. Err.      t    P>|t|     [95% Conf. Interval]
-------------+----------------------------------------------------------------
     mg_cost |   .8214434   .0372479    22.05   0.000     .7415545    .9013322
    cost_CO2 |   1.062066   .0459219    23.13   0.000     .9635735    1.160559
             |
      _Iup_3 |   -22.2087   .3437478   -64.61   0.000    -22.94596   -21.47143
      _Iup_4 |  -4.780118   .3744798   -12.76   0.000    -5.583297   -3.976939
             |
      _Iup_6 |  -12.49432   .9313967   -13.41   0.000    -14.49197   -10.49667
             |
      _Iup_9 |    -15.349   1.099318   -13.96   0.000     -17.7068    -12.9912
             |
     _Iup_29 |  -18.04103   1.038295   -17.38   0.000    -20.26795   -15.81411
     _Iup_30 |  -18.68568   .8369965   -22.32   0.000    -20.48086    -16.8905
     _Iup_31 |   -12.4999   .9689073   -12.90   0.000      -14.578    -10.4218
     _Iup_32 |  -15.44791   1.121089   -13.78   0.000    -17.85241   -13.04342
     _Iup_33 |  -17.59475   .5488133   -32.06   0.000    -18.77183   -16.41766
     _Iup_34 |  -17.35472   .5641121   -30.76   0.000    -18.56462   -16.14482
     _Iup_35 |  -15.34266   .5965624   -25.72   0.000    -16.62216   -14.06316
             |
     _Iup_41 |  -17.56661   1.104702   -15.90   0.000    -19.93596   -15.19726
     _Iup_42 |  -16.07014   1.111631   -14.46   0.000    -18.45435   -13.68593
             |
     _Iup_44 |  -22.25899   .0969568  -229.58   0.000    -22.46694   -22.05104
             |
       _cons |   21.26999   1.855371    11.46   0.000     17.29061    25.24936
------------------------------------------------------------------------------
(no endogenous regressors)
------------------------------------------------------------------------------
i.up              _Iup_1-54           (_Iup_1 for up==ABO1 omitted)

Instrumental variables (2SLS) regression               Number of obs =    2805
                                                       F( 16,  2788) =  250.11
                                                       Prob > F      =  0.0000
                                                       R-squared     =  0.5944
                                                       Root MSE      =  10.373

------------------------------------------------------------------------------
             |               Robust
    pricehat |      Coef.   Std. Err.      t    P>|t|     [95% Conf. Interval]
-------------+----------------------------------------------------------------
     mg_cost |   .8214434   .0359074    22.88   0.000     .7510356    .8918511
    cost_CO2 |   1.062066   .0237636    44.69   0.000      1.01547    1.108662
             |
      _Iup_3 |   -22.2087   6.545432    -3.39   0.001    -35.04308   -9.374313
      _Iup_4 |  -4.780118   6.849005    -0.70   0.485    -18.20975    8.649516
             |
      _Iup_6 |  -12.49432   6.013966    -2.08   0.038     -24.2866   -.7020461
             |
      _Iup_9 |    -15.349   5.920166    -2.59   0.010    -26.95735   -3.740647
             |
     _Iup_29 |  -18.04103   5.850235    -3.08   0.002    -29.51226   -6.569801
     _Iup_30 |  -18.68568   5.821976    -3.21   0.001     -30.1015   -7.269859
     _Iup_31 |   -12.4999   5.887257    -2.12   0.034    -24.04373   -.9560796
     _Iup_32 |  -15.44791   5.968527    -2.59   0.010    -27.15109   -3.744733
     _Iup_33 |  -17.59475   5.804615    -3.03   0.002    -28.97652   -6.212967
     _Iup_34 |  -17.35472   5.795865    -2.99   0.003    -28.71934   -5.990102
     _Iup_35 |  -15.34266   5.808732    -2.64   0.008    -26.73251   -3.952809
             |
     _Iup_41 |  -17.56661    5.87639    -2.99   0.003    -29.08912   -6.044095
     _Iup_42 |  -16.07014   5.906401    -2.72   0.007     -27.6515   -4.488777
             |
     _Iup_44 |  -22.25899   6.148461    -3.62   0.000    -34.31498   -10.20299
             |
       _cons |   21.26999    6.02937     3.53   0.000     9.447506    33.09247
------------------------------------------------------------------------------
(no endogenous regressors)
------------------------------------------------------------------------------
i.up              _Iup_1-54           (_Iup_1 for up==ABO1 omitted)

Instrumental variables (2SLS) regression               Number of obs =    2805
                                                       F( 16,   705) =   96.68
                                                       Prob > F      =  0.0000
                                                       R-squared     =  0.5944
                                                       Root MSE      =  10.373

                              (Std. Err. adjusted for 706 clusters in firmday)
------------------------------------------------------------------------------
             |               Robust
    pricehat |      Coef.   Std. Err.      t    P>|t|     [95% Conf. Interval]
-------------+----------------------------------------------------------------
     mg_cost |   .8214434   .0581912    14.12   0.000     .7071945    .9356922
    cost_CO2 |   1.062066    .044667    23.78   0.000     .9743699    1.149762
             |
      _Iup_3 |   -22.2087   7.320309    -3.03   0.003    -36.58091   -7.836479
      _Iup_4 |  -4.780118   7.722782    -0.62   0.536    -19.94252    10.38229
             |
      _Iup_6 |  -12.49432   6.928774    -1.80   0.072    -26.09782    1.109179
             |
      _Iup_9 |    -15.349   6.952305    -2.21   0.028     -28.9987   -1.699298
             |
     _Iup_29 |  -18.04103   6.884709    -2.62   0.009    -31.55802   -4.524045
     _Iup_30 |  -18.68568   6.643841    -2.81   0.005    -31.72976   -5.641596
     _Iup_31 |   -12.4999   6.779177    -1.84   0.066     -25.8097    .8098908
     _Iup_32 |  -15.44791   6.883616    -2.24   0.025    -28.96275   -1.933069
     _Iup_33 |  -17.59475   6.671744    -2.64   0.009    -30.69361    -4.49588
     _Iup_34 |  -17.35472   6.590644    -2.63   0.009    -30.29436   -4.415083
     _Iup_35 |  -15.34266   6.612481    -2.32   0.021    -28.32517   -2.360145
             |
     _Iup_41 |  -17.56661   6.858224    -2.56   0.011     -31.0316   -4.101621
     _Iup_42 |  -16.07014   6.844446    -2.35   0.019    -29.50808   -2.632201
             |
     _Iup_44 |  -22.25899   6.981087    -3.19   0.001     -35.9652   -8.552777
             |
       _cons |   21.26999   7.424105     2.86   0.004     6.693984    35.84599
------------------------------------------------------------------------------
(no endogenous regressors)
------------------------------------------------------------------------------
i.up              _Iup_1-54           (_Iup_1 for up==ABO1 omitted)

Instrumental variables (2SLS) regression               Number of obs =    2805
                                                       F( 16,    29) =   45.09
                                                       Prob > F      =  0.0000
                                                       R-squared     =  0.5944
                                                       Root MSE      =  10.373

                                (Std. Err. adjusted for 30 clusters in firmym)
------------------------------------------------------------------------------
             |               Robust
    pricehat |      Coef.   Std. Err.      t    P>|t|     [95% Conf. Interval]
-------------+----------------------------------------------------------------
     mg_cost |   .8214434   .1034816     7.94   0.000     .6097997    1.033087
    cost_CO2 |   1.062066   .0812251    13.08   0.000     .8959422     1.22819
             |
      _Iup_3 |   -22.2087   9.005736    -2.47   0.020    -40.62749   -3.789896
      _Iup_4 |  -4.780118   9.516289    -0.50   0.619    -24.24311    14.68288
             |
      _Iup_6 |  -12.49432    7.09466    -1.76   0.089    -27.00453    2.015888
             |
      _Iup_9 |    -15.349   6.954614    -2.21   0.035    -29.57278   -1.125215
             |
     _Iup_29 |  -18.04103   7.459117    -2.42   0.022    -33.29664   -2.785424
     _Iup_30 |  -18.68568   6.841623    -2.73   0.011    -32.67837   -4.692988
     _Iup_31 |   -12.4999   7.627797    -1.64   0.112     -28.1005    3.100694
     _Iup_32 |  -15.44791   6.998448    -2.21   0.035    -29.76134   -1.134479
     _Iup_33 |  -17.59475   6.963862    -2.53   0.017    -31.83744   -3.352047
     _Iup_34 |  -17.35472   6.837377    -2.54   0.017    -31.33873   -3.370715
     _Iup_35 |  -15.34266   7.135505    -2.15   0.040    -29.93641   -.7489129
             |
     _Iup_41 |  -17.56661   7.198114    -2.44   0.021    -32.28841   -2.844813
     _Iup_42 |  -16.07014   8.136105    -1.98   0.058    -32.71034    .5700649
             |
     _Iup_44 |  -22.25899    8.53568    -2.61   0.014    -39.71641   -4.801562
             |
       _cons |   21.26999   8.781483     2.42   0.022     3.309837    39.23013
------------------------------------------------------------------------------
(no endogenous regressors)
------------------------------------------------------------------------------
i.up              _Iup_1-54           (_Iup_1 for up==ABO1 omitted)

Instrumental variables (2SLS) regression               Number of obs =    1435
                                                       F(  1,     5) =       .
                                                       Prob > F      =       .
                                                       R-squared     =  0.6584
                                                       Root MSE      =  6.1255

                                     (Std. Err. adjusted for 6 clusters in id)
------------------------------------------------------------------------------
             |               Robust
    pricehat |      Coef.   Std. Err.      t    P>|t|     [95% Conf. Interval]
-------------+----------------------------------------------------------------
     mg_cost |   .6434534   .0527416    12.20   0.000     .5078767      .77903
    cost_CO2 |   .8033931   .1015428     7.91   0.001      .542369    1.064417
      _Iup_2 |  -.7704568   .0962676    -8.00   0.000    -1.017921   -.5229931
             |
     _Iup_19 |   6.496775   .3720352    17.46   0.000     5.540428    7.453122
             |
     _Iup_45 |   4.453941   .4410102    10.10   0.000     3.320288    5.587594
     _Iup_46 |   3.747615   .0211304   177.36   0.000     3.693297    3.801932
     _Iup_47 |   .2806149   .0066444    42.23   0.000     .2635348     .297695
             |
       _cons |   7.575496   1.492029     5.08   0.004     3.740114    11.41088
------------------------------------------------------------------------------
(no endogenous regressors)
------------------------------------------------------------------------------
i.up              _Iup_1-54           (_Iup_1 for up==ABO1 omitted)

Instrumental variables (2SLS) regression               Number of obs =    1435
                                                       F(  7,  1427) =  914.25
                                                       Prob > F      =  0.0000
                                                       R-squared     =  0.6584
                                                       Root MSE      =  6.1255

------------------------------------------------------------------------------
             |               Robust
    pricehat |      Coef.   Std. Err.      t    P>|t|     [95% Conf. Interval]
-------------+----------------------------------------------------------------
     mg_cost |   .6434534   .1150044     5.60   0.000     .4178576    .8690491
    cost_CO2 |   .8033931   .0217813    36.88   0.000     .7606662      .84612
      _Iup_2 |  -.7704568   .3977319    -1.94   0.053    -1.550659    .0097452
             |
     _Iup_19 |   6.496775   .9374359     6.93   0.000     4.657875    8.335676
             |
     _Iup_45 |   4.453941   1.284551     3.47   0.001      1.93413    6.973751
     _Iup_46 |   3.747615   .4632205     8.09   0.000     2.838948    4.656281
     _Iup_47 |   .2806149   .3307287     0.85   0.396    -.3681516    .9293815
             |
       _cons |   7.575496   2.474209     3.06   0.002     2.722018    12.42897
------------------------------------------------------------------------------
(no endogenous regressors)
------------------------------------------------------------------------------
i.up              _Iup_1-54           (_Iup_1 for up==ABO1 omitted)

Instrumental variables (2SLS) regression               Number of obs =    1435
                                                       F(  7,   589) =  446.41
                                                       Prob > F      =  0.0000
                                                       R-squared     =  0.6584
                                                       Root MSE      =  6.1255

                              (Std. Err. adjusted for 590 clusters in firmday)
------------------------------------------------------------------------------
             |               Robust
    pricehat |      Coef.   Std. Err.      t    P>|t|     [95% Conf. Interval]
-------------+----------------------------------------------------------------
     mg_cost |   .6434534   .2351073     2.74   0.006     .1817026    1.105204
    cost_CO2 |   .8033931   .0292271    27.49   0.000     .7459911    .8607951
      _Iup_2 |  -.7704568   .4772243    -1.61   0.107    -1.707725    .1668115
             |
     _Iup_19 |   6.496775   1.813655     3.58   0.000     2.934758    10.05879
             |
     _Iup_45 |   4.453941   2.622672     1.70   0.090    -.6969872    9.604869
     _Iup_46 |   3.747615   .5248866     7.14   0.000     2.716738    4.778492
     _Iup_47 |   .2806149   .3923519     0.72   0.475    -.4899641    1.051194
             |
       _cons |   7.575496   5.028232     1.51   0.132     -2.29995    17.45094
------------------------------------------------------------------------------
(no endogenous regressors)
------------------------------------------------------------------------------
i.up              _Iup_1-54           (_Iup_1 for up==ABO1 omitted)

Instrumental variables (2SLS) regression               Number of obs =    1435
                                                       F(  6,    29) =       .
                                                       Prob > F      =  0.0000
                                                       R-squared     =  0.6584
                                                       Root MSE      =  6.1255

                                (Std. Err. adjusted for 30 clusters in firmym)
------------------------------------------------------------------------------
             |               Robust
    pricehat |      Coef.   Std. Err.      t    P>|t|     [95% Conf. Interval]
-------------+----------------------------------------------------------------
     mg_cost |   .6434534   .2586978     2.49   0.019     .1143571     1.17255
    cost_CO2 |   .8033931   .0820879     9.79   0.000     .6355045    .9712818
      _Iup_2 |  -.7704568   .5671405    -1.36   0.185    -1.930389    .3894758
             |
     _Iup_19 |   6.496775   2.494892     2.60   0.014     1.394149     11.5994
             |
     _Iup_45 |   4.453941   2.962203     1.50   0.144    -1.604444    10.51233
     _Iup_46 |   3.747615   .8666851     4.32   0.000     1.975045    5.520185
     _Iup_47 |   .2806149   .6133264     0.46   0.651    -.9737785    1.535008
             |
       _cons |   7.575496   5.590741     1.36   0.186    -3.858854    19.00985
------------------------------------------------------------------------------
(no endogenous regressors)
------------------------------------------------------------------------------

.         
. 
. log close
      name:  <unnamed>
       log:  /Volumes/Dades/Dropbox/PROJECTS/internalization2/submission/FINAL SUBMISSION/20
> 130186_data/tables/table_internalization_stderrors.log
  log type:  text
 closed on:  26 May 2014, 23:57:57
--------------------------------------------------------------------------------------------
